// Jest Snapshot v1, https://goo.gl/fbAQLP

exports[`<Item> snapshot 1`] = `
<div>
  <div
    class="ItemWrapper-sc-1q31uz2-0 eZrZzJ"
  >
    <img
      alt="cool item"
      src="dog.jpg"
    />
    <h3
      class="ItemTitle-sc-9qzhwq-0 hjyVUg"
    >
      <a
        href="/item/abc123"
      >
        cool item
      </a>
    </h3>
    <span
      class="PriceTag-sc-1yto7zk-0 fvHRHo"
    >
      $50
    </span>
    <p>
      this item is really cool!
    </p>
    <div
      class="ItemButtons-adym8q-0 fjwJcq"
    >
      <a
        href="/update/abc123"
      >
        Edit ✍🏼
      </a>
      <button>
        Add
         To Cart 🛒
      </button>
      <button>
        Delete ❌
      </button>
    </div>
  </div>
</div>
`;
